{"event":"frontend_proxy_upstream_error","method":"GET","route":"/api/integration/notifications/stream","targetRole":"api-owner","error":{"code":"ECONNRESET"},"elapsedMs":8375,"phase":"after_upstream_body"}
{"event":"frontend_proxy_upstream_error","method":"GET","route":"/api/integration/notifications/stream","targetRole":"api-owner","error":{"code":"ECONNRESET"},"elapsedMs":74631,"phase":"after_upstream_body"}
{"event":"frontend_proxy_upstream_error","method":"GET","route":"/api/integration/notifications/stream","targetRole":"api-owner","error":{"code":"ECONNRESET"},"elapsedMs":62217,"phase":"after_upstream_body"}
{"event":"frontend_proxy_upstream_error","method":"GET","route":"/api/integration/notifications/stream","targetRole":"api-owner","error":{"code":"ECONNRESET"},"elapsedMs":48199,"phase":"after_upstream_body"}
{"event":"frontend_proxy_upstream_error","method":"GET","route":"/api/integration/notifications/stream","targetRole":"api-owner","error":{"code":"ECONNRESET"},"elapsedMs":46749,"phase":"after_upstream_body"}
{"event":"frontend_proxy_upstream_error","method":"GET","route":"/api/integration/notifications/stream","targetRole":"api-owner","error":{"code":"ECONNRESET"},"elapsedMs":50700,"phase":"after_upstream_body"}
{"event":"frontend_proxy_upstream_error","method":"GET","route":"/api/integration/notifications/stream","targetRole":"api-owner","error":{"code":"ECONNRESET"},"elapsedMs":9692,"phase":"after_upstream_body"}
{"event":"frontend_proxy_upstream_error","method":"GET","route":"/api/integration/notifications/stream","targetRole":"api-owner","error":{"code":"ECONNRESET"},"elapsedMs":29593,"phase":"after_upstream_body"}
{"event":"frontend_proxy_upstream_error","method":"GET","route":"/api/integration/notifications/stream","targetRole":"api-owner","error":{"code":"ECONNRESET"},"elapsedMs":135324,"phase":"after_upstream_body"}
{"event":"frontend_proxy_upstream_error","method":"GET","route":"/api/integration/notifications/stream","targetRole":"api-owner","error":{"code":"ECONNRESET"},"elapsedMs":128394,"phase":"after_upstream_body"}
{"event":"frontend_proxy_upstream_error","method":"GET","route":"/api/integration/notifications/stream","targetRole":"api-owner","error":{"code":"ECONNRESET"},"elapsedMs":5317,"phase":"after_upstream_body"}
{"event":"frontend_proxy_upstream_error","method":"GET","route":"/api/integration/notifications/stream","targetRole":"api-owner","error":{"code":"ECONNRESET"},"elapsedMs":1521,"phase":"after_upstream_body"}
{"event":"frontend_proxy_upstream_error","method":"GET","route":"/api/integration/notifications/stream","targetRole":"api-owner","error":{"code":"ECONNRESET"},"elapsedMs":3165,"phase":"after_upstream_body"}
{"event":"frontend_proxy_upstream_error","method":"GET","route":"/api/integration/notifications/stream","targetRole":"api-owner","error":{"code":"ECONNRESET"},"elapsedMs":2335,"phase":"after_upstream_body"}
{"event":"frontend_proxy_upstream_error","method":"GET","route":"/api/integration/notifications/stream","targetRole":"api-owner","error":{"code":"ECONNRESET"},"elapsedMs":5156,"phase":"after_upstream_body"}
{"event":"frontend_proxy_upstream_error","method":"GET","route":"/api/integration/notifications/stream","targetRole":"api-owner","error":{"code":"ECONNRESET"},"elapsedMs":3661,"phase":"after_upstream_body"}
{"event":"frontend_proxy_upstream_error","method":"GET","route":"/api/integration/notifications/stream","targetRole":"api-owner","error":{"code":"ECONNRESET"},"elapsedMs":1702,"phase":"after_upstream_body"}
{"event":"frontend_proxy_upstream_error","method":"GET","route":"/api/integration/notifications/stream","targetRole":"api-owner","error":{"code":"ECONNRESET"},"elapsedMs":15579,"phase":"after_upstream_body"}
{"event":"frontend_proxy_upstream_error","method":"GET","route":"/api/integration/notifications/stream","targetRole":"api-owner","error":{"code":"ECONNRESET"},"elapsedMs":15722,"phase":"after_upstream_body"}
{"event":"frontend_proxy_upstream_error","method":"GET","route":"/api/integration/notifications/stream","targetRole":"api-owner","error":{"code":"ECONNRESET"},"elapsedMs":155082,"phase":"after_upstream_body"}
{"event":"frontend_proxy_upstream_error","method":"GET","route":"/api/integration/notifications/stream","targetRole":"api-owner","error":{"code":"ECONNRESET"},"elapsedMs":154955,"phase":"after_upstream_body"}
{"event":"frontend_proxy_upstream_error","method":"GET","route":"/api/integration/notifications/stream","targetRole":"api-owner","error":{"code":"ECONNRESET"},"elapsedMs":150382,"phase":"after_upstream_body"}
{"event":"frontend_proxy_upstream_error","method":"GET","route":"/api/integration/notifications/stream","targetRole":"api-owner","error":{"code":"ECONNRESET"},"elapsedMs":35995,"phase":"after_upstream_body"}
{"event":"frontend_proxy_upstream_error","method":"GET","route":"/api/integration/notifications/stream","targetRole":"api-owner","error":{"code":"ECONNRESET"},"elapsedMs":20584,"phase":"after_upstream_body"}
{"event":"frontend_proxy_upstream_error","method":"GET","route":"/api/integration/notifications/stream","targetRole":"api-owner","error":{"code":"ECONNRESET"},"elapsedMs":14861,"phase":"after_upstream_body"}
{"event":"frontend_proxy_upstream_error","method":"GET","route":"/api/integration/notifications/stream","targetRole":"api-owner","error":{"code":"ECONNRESET"},"elapsedMs":50591,"phase":"after_upstream_body"}
{"event":"frontend_proxy_upstream_error","method":"GET","route":"/api/integration/notifications/stream","targetRole":"api-owner","error":{"code":"ECONNRESET"},"elapsedMs":37796,"phase":"after_upstream_body"}
{"event":"frontend_proxy_upstream_error","method":"GET","route":"/api/integration/notifications/stream","targetRole":"api-owner","error":{"code":"ECONNRESET"},"elapsedMs":379256,"phase":"after_upstream_body"}
{"event":"frontend_proxy_upstream_error","method":"GET","route":"/api/integration/notifications/stream","targetRole":"api-owner","error":{"code":"ECONNRESET"},"elapsedMs":2866,"phase":"after_upstream_body"}
{"event":"frontend_proxy_upstream_error","method":"GET","route":"/api/integration/notifications/stream","targetRole":"api-owner","error":{"code":"ECONNRESET"},"elapsedMs":170147,"phase":"after_upstream_body"}
{"event":"frontend_proxy_upstream_error","method":"GET","route":"/api/integration/notifications/stream","targetRole":"api-owner","error":{"code":"ECONNRESET"},"elapsedMs":596586,"phase":"after_upstream_body"}
{"event":"frontend_proxy_upstream_error","method":"GET","route":"/api/integration/notifications/stream","targetRole":"api-owner","error":{"code":"ECONNRESET"},"elapsedMs":40186,"phase":"after_upstream_body"}
{"event":"frontend_proxy_upstream_error","method":"GET","route":"/api/integration/notifications/stream","targetRole":"api-owner","error":{"code":"ECONNRESET"},"elapsedMs":155281,"phase":"after_upstream_body"}
{"event":"frontend_proxy_upstream_error","method":"GET","route":"/api/integration/notifications/stream","targetRole":"api-owner","error":{"code":"ECONNRESET"},"elapsedMs":73608,"phase":"after_upstream_body"}
{"event":"frontend_proxy_upstream_error","method":"GET","route":"/api/integration/notifications/stream","targetRole":"api-owner","error":{"code":"ECONNRESET"},"elapsedMs":49513,"phase":"after_upstream_body"}
{"event":"frontend_proxy_upstream_error","method":"GET","route":"/api/integration/notifications/stream","targetRole":"api-owner","error":{"code":"ECONNRESET"},"elapsedMs":59509,"phase":"after_upstream_body"}
{"event":"frontend_proxy_upstream_error","method":"GET","route":"/api/integration/notifications/stream","targetRole":"api-owner","error":{"code":"ECONNRESET"},"elapsedMs":1873,"phase":"after_upstream_body"}
{"event":"frontend_proxy_upstream_error","method":"GET","route":"/api/integration/notifications/stream","targetRole":"api-owner","error":{"code":"ECONNRESET"},"elapsedMs":6838,"phase":"after_upstream_body"}
{"event":"frontend_proxy_upstream_error","method":"GET","route":"/api/integration/notifications/stream","targetRole":"api-owner","error":{"code":"ECONNRESET"},"elapsedMs":5487,"phase":"after_upstream_body"}
{"event":"frontend_proxy_upstream_error","method":"GET","route":"/api/integration/notifications/stream","targetRole":"api-owner","error":{"code":"ECONNRESET"},"elapsedMs":49411,"phase":"after_upstream_body"}
{"event":"frontend_proxy_upstream_error","method":"GET","route":"/api/integration/notifications/stream","targetRole":"api-owner","error":{"code":"ECONNRESET"},"elapsedMs":40172,"phase":"after_upstream_body"}
{"event":"frontend_proxy_upstream_error","method":"GET","route":"/api/integration/notifications/stream","targetRole":"api-owner","error":{"code":"ECONNRESET"},"elapsedMs":30021,"phase":"after_upstream_body"}
{"event":"frontend_proxy_upstream_error","method":"GET","route":"/api/integration/notifications/stream","targetRole":"api-owner","error":{"code":"ECONNRESET"},"elapsedMs":50723,"phase":"after_upstream_body"}
{"event":"frontend_proxy_upstream_error","method":"GET","route":"/api/integration/notifications/stream","targetRole":"api-owner","error":{"code":"ECONNRESET"},"elapsedMs":6305,"phase":"after_upstream_body"}
{"event":"frontend_proxy_upstream_error","method":"GET","route":"/api/integration/notifications/stream","targetRole":"api-owner","error":{"code":"ECONNRESET"},"elapsedMs":201768,"phase":"after_upstream_body"}
{"event":"frontend_proxy_upstream_error","method":"GET","route":"/api/integration/notifications/stream","targetRole":"api-owner","error":{"code":"ECONNRESET"},"elapsedMs":117210,"phase":"after_upstream_body"}
{"event":"frontend_proxy_upstream_error","method":"GET","route":"/api/integration/notifications/stream","targetRole":"api-owner","error":{"code":"ECONNRESET"},"elapsedMs":49166,"phase":"after_upstream_body"}
{"event":"frontend_proxy_upstream_error","method":"GET","route":"/api/integration/notifications/stream","targetRole":"api-owner","error":{"code":"ECONNRESET"},"elapsedMs":18482,"phase":"after_upstream_body"}
{"event":"frontend_proxy_upstream_error","method":"GET","route":"/api/integration/notifications/stream","targetRole":"api-owner","error":{"code":"ECONNRESET"},"elapsedMs":92192,"phase":"after_upstream_body"}
{"event":"frontend_proxy_upstream_error","method":"GET","route":"/api/integration/notifications/stream","targetRole":"api-owner","error":{"code":"ECONNRESET"},"elapsedMs":25692,"phase":"after_upstream_body"}
{"event":"frontend_proxy_upstream_error","method":"GET","route":"/api/integration/notifications/stream","targetRole":"api-owner","error":{"code":"ECONNRESET"},"elapsedMs":82861,"phase":"after_upstream_body"}
{"event":"frontend_proxy_upstream_error","method":"GET","route":"/api/integration/notifications/stream","targetRole":"api-owner","error":{"code":"ECONNRESET"},"elapsedMs":125361,"phase":"after_upstream_body"}
{"event":"frontend_proxy_upstream_error","method":"GET","route":"/api/integration/notifications/stream","targetRole":"api-owner","error":{"code":"ECONNRESET"},"elapsedMs":736932,"phase":"after_upstream_body"}
{"event":"frontend_proxy_upstream_error","method":"GET","route":"/api/integration/notifications/stream","targetRole":"api-owner","error":{"code":"ECONNRESET"},"elapsedMs":265759,"phase":"after_upstream_body"}
{"event":"frontend_proxy_upstream_error","method":"GET","route":"/api/integration/notifications/stream","targetRole":"api-owner","error":{"code":"ECONNRESET"},"elapsedMs":42979,"phase":"after_upstream_body"}
{"event":"frontend_proxy_upstream_error","method":"GET","route":"/api/integration/notifications/stream","targetRole":"api-owner","error":{"code":"ECONNRESET"},"elapsedMs":137852,"phase":"after_upstream_body"}
{"event":"frontend_proxy_upstream_error","method":"GET","route":"/api/integration/notifications/stream","targetRole":"api-owner","error":{"code":"ECONNRESET"},"elapsedMs":108388,"phase":"after_upstream_body"}
{"event":"frontend_proxy_upstream_error","method":"GET","route":"/api/integration/notifications/stream","targetRole":"api-owner","error":{"code":"ECONNRESET"},"elapsedMs":74503,"phase":"after_upstream_body"}
{"event":"frontend_proxy_upstream_error","method":"GET","route":"/api/integration/notifications/stream","targetRole":"api-owner","error":{"code":"ECONNRESET"},"elapsedMs":392472,"phase":"after_upstream_body"}
{"event":"frontend_proxy_upstream_error","method":"GET","route":"/api/integration/notifications/stream","targetRole":"api-owner","error":{"code":"ECONNRESET"},"elapsedMs":82853,"phase":"after_upstream_body"}
{"event":"frontend_proxy_upstream_error","method":"GET","route":"/api/integration/notifications/stream","targetRole":"api-owner","error":{"code":"ECONNRESET"},"elapsedMs":332631,"phase":"after_upstream_body"}
{"event":"frontend_proxy_upstream_error","method":"GET","route":"/api/integration/notifications/stream","targetRole":"api-owner","error":{"code":"ECONNRESET"},"elapsedMs":502304,"phase":"after_upstream_body"}
{"event":"frontend_proxy_upstream_error","method":"GET","route":"/api/integration/notifications/stream","targetRole":"api-owner","error":{"code":"ECONNRESET"},"elapsedMs":51767,"phase":"after_upstream_body"}
{"event":"frontend_proxy_upstream_error","method":"GET","route":"/api/integration/notifications/stream","targetRole":"api-owner","error":{"code":"ECONNRESET"},"elapsedMs":373623,"phase":"after_upstream_body"}
{"event":"frontend_proxy_upstream_error","method":"GET","route":"/api/integration/notifications/stream","targetRole":"api-owner","error":{"code":"ECONNRESET"},"elapsedMs":2637539,"phase":"after_upstream_body"}
{"event":"frontend_proxy_upstream_error","method":"GET","route":"/api/integration/notifications/stream","targetRole":"api-owner","error":{"code":"ECONNRESET"},"elapsedMs":605226,"phase":"after_upstream_body"}
{"event":"frontend_proxy_upstream_error","method":"GET","route":"/api/integration/notifications/stream","targetRole":"api-owner","error":{"code":"ECONNRESET"},"elapsedMs":191538,"phase":"after_upstream_body"}
{"event":"frontend_proxy_upstream_error","method":"GET","route":"/api/integration/notifications/stream","targetRole":"api-owner","error":{"code":"ECONNRESET"},"elapsedMs":44376,"phase":"after_upstream_body"}
{"event":"frontend_proxy_upstream_error","method":"GET","route":"/api/integration/notifications/stream","targetRole":"api-owner","error":{"code":"ECONNRESET"},"elapsedMs":60423,"phase":"after_upstream_body"}
{"event":"frontend_proxy_upstream_error","method":"GET","route":"/api/integration/notifications/stream","targetRole":"api-owner","error":{"code":"ECONNRESET"},"elapsedMs":166027,"phase":"after_upstream_body"}
{"event":"frontend_proxy_upstream_error","method":"GET","route":"/api/integration/notifications/stream","targetRole":"api-owner","error":{"code":"ECONNRESET"},"elapsedMs":60381,"phase":"after_upstream_body"}
{"event":"frontend_proxy_upstream_error","method":"GET","route":"/api/integration/notifications/stream","targetRole":"api-owner","error":{"code":"ECONNRESET"},"elapsedMs":184674,"phase":"after_upstream_body"}
{"event":"frontend_proxy_upstream_error","method":"GET","route":"/api/integration/notifications/stream","targetRole":"api-owner","error":{"code":"ECONNRESET"},"elapsedMs":143858,"phase":"after_upstream_body"}
{"event":"frontend_proxy_upstream_error","method":"GET","route":"/api/integration/notifications/stream","targetRole":"api-owner","error":{"code":"ECONNRESET"},"elapsedMs":14400768,"phase":"after_upstream_body"}
{"event":"frontend_proxy_upstream_error","method":"GET","route":"/api/integration/notifications/stream","targetRole":"api-owner","error":{"code":"ECONNRESET"},"elapsedMs":244717,"phase":"after_upstream_body"}
{"event":"frontend_proxy_upstream_error","method":"GET","route":"/api/integration/notifications/stream","targetRole":"api-owner","error":{"code":"ECONNRESET"},"elapsedMs":581573,"phase":"after_upstream_body"}
{"event":"frontend_proxy_upstream_error","method":"GET","route":"/api/settings/payment-terminals","targetRole":"api-owner","error":{"code":"ECONNRESET"},"elapsedMs":13,"phase":"before_upstream_headers"}
{"event":"frontend_proxy_upstream_error","method":"GET","route":"/api/automatic-cash/status","targetRole":"api-owner","error":{"code":"ECONNRESET"},"elapsedMs":16,"phase":"before_upstream_headers"}
{"event":"frontend_proxy_upstream_error","method":"GET","route":"/api/automatic-cash/gateway/state","targetRole":"api-owner","error":{"code":"ECONNRESET"},"elapsedMs":13,"phase":"before_upstream_headers"}
{"event":"frontend_proxy_upstream_error","method":"GET","route":"/api/automatic-cash/exchange/active","targetRole":"api-owner","error":{"code":"ECONNRESET"},"elapsedMs":12,"phase":"before_upstream_headers"}
{"event":"frontend_proxy_upstream_error","method":"GET","route":"/api/automatic-cash/cash-movements/active","targetRole":"api-owner","error":{"code":"ECONNRESET"},"elapsedMs":16,"phase":"before_upstream_headers"}
{"event":"frontend_proxy_upstream_error","method":"GET","route":"/api/integration/notifications/stream","targetRole":"api-owner","error":{"code":"ECONNRESET"},"elapsedMs":705488,"phase":"after_upstream_body"}
{"event":"frontend_proxy_upstream_error","method":"GET","route":"/api/integration/notifications/stream","targetRole":"api-owner","error":{"code":"ECONNRESET"},"elapsedMs":5677,"phase":"after_upstream_body"}
{"event":"frontend_proxy_upstream_error","method":"GET","route":"/api/integration/notifications/stream","targetRole":"api-owner","error":{"code":"ECONNRESET"},"elapsedMs":1927,"phase":"after_upstream_body"}
{"event":"frontend_proxy_upstream_error","method":"GET","route":"/api/integration/notifications/stream","targetRole":"api-owner","error":{"code":"ECONNRESET"},"elapsedMs":14736867,"phase":"after_upstream_body"}
{"event":"frontend_proxy_upstream_error","method":"GET","route":"/api/integration/notifications/stream","targetRole":"api-owner","error":{"code":"ECONNRESET"},"elapsedMs":12411,"phase":"after_upstream_body"}
{"event":"frontend_proxy_upstream_error","method":"GET","route":"/api/integration/notifications/stream","targetRole":"api-owner","error":{"code":"ECONNRESET"},"elapsedMs":181998,"phase":"after_upstream_body"}
{"event":"frontend_proxy_upstream_error","method":"GET","route":"/api/integration/notifications/stream","targetRole":"api-owner","error":{"code":"ECONNRESET"},"elapsedMs":1619258,"phase":"after_upstream_body"}
{"event":"frontend_proxy_upstream_error","method":"GET","route":"/api/integration/notifications/stream","targetRole":"api-owner","error":{"code":"ECONNRESET"},"elapsedMs":29593,"phase":"after_upstream_body"}
{"event":"frontend_proxy_upstream_error","method":"GET","route":"/api/integration/notifications/stream","targetRole":"api-owner","error":{"code":"ECONNRESET"},"elapsedMs":2395,"phase":"after_upstream_body"}
{"event":"frontend_proxy_upstream_error","method":"GET","route":"/api/integration/notifications/stream","targetRole":"api-owner","error":{"code":"ECONNRESET"},"elapsedMs":225635,"phase":"after_upstream_body"}
{"event":"frontend_proxy_upstream_error","method":"GET","route":"/api/integration/notifications/stream","targetRole":"api-owner","error":{"code":"ECONNRESET"},"elapsedMs":217473,"phase":"after_upstream_body"}
{"event":"frontend_proxy_upstream_error","method":"GET","route":"/api/settings/payment-terminals","targetRole":"api-owner","error":{"code":"ECONNRESET"},"elapsedMs":24,"phase":"before_upstream_headers"}
{"event":"frontend_proxy_upstream_error","method":"GET","route":"/api/automatic-cash/status","targetRole":"api-owner","error":{"code":"ECONNRESET"},"elapsedMs":23,"phase":"before_upstream_headers"}
{"event":"frontend_proxy_upstream_error","method":"GET","route":"/api/automatic-cash/gateway/state","targetRole":"api-owner","error":{"code":"ECONNRESET"},"elapsedMs":17,"phase":"before_upstream_headers"}
{"event":"frontend_proxy_upstream_error","method":"GET","route":"/api/automatic-cash/exchange/active","targetRole":"api-owner","error":{"code":"ECONNRESET"},"elapsedMs":14,"phase":"before_upstream_headers"}
{"event":"frontend_proxy_upstream_error","method":"GET","route":"/api/automatic-cash/cash-movements/active","targetRole":"api-owner","error":{"code":"ECONNRESET"},"elapsedMs":16,"phase":"before_upstream_headers"}
{"event":"frontend_proxy_upstream_error","method":"GET","route":"/api/integration/notifications/stream","targetRole":"api-owner","error":{"code":"ECONNRESET"},"elapsedMs":1184455,"phase":"after_upstream_body"}
{"event":"frontend_proxy_upstream_error","method":"GET","route":"/api/integration/notifications/stream","targetRole":"api-owner","error":{"code":"ECONNRESET"},"elapsedMs":2454696,"phase":"after_upstream_body"}
{"event":"frontend_proxy_upstream_error","method":"GET","route":"/api/settings/payment-terminals","targetRole":"api-owner","error":{"code":"ECONNRESET"},"elapsedMs":28,"phase":"before_upstream_headers"}
{"event":"frontend_proxy_upstream_error","method":"GET","route":"/api/automatic-cash/status","targetRole":"api-owner","error":{"code":"ECONNRESET"},"elapsedMs":27,"phase":"before_upstream_headers"}
{"event":"frontend_proxy_upstream_error","method":"GET","route":"/api/automatic-cash/gateway/state","targetRole":"api-owner","error":{"code":"ECONNRESET"},"elapsedMs":26,"phase":"before_upstream_headers"}
{"event":"frontend_proxy_upstream_error","method":"GET","route":"/api/automatic-cash/exchange/active","targetRole":"api-owner","error":{"code":"ECONNRESET"},"elapsedMs":22,"phase":"before_upstream_headers"}
{"event":"frontend_proxy_upstream_error","method":"GET","route":"/api/automatic-cash/cash-movements/active","targetRole":"api-owner","error":{"code":"ECONNRESET"},"elapsedMs":25,"phase":"before_upstream_headers"}
{"event":"frontend_proxy_upstream_error","method":"GET","route":"/api/integration/notifications/stream","targetRole":"api-owner","error":{"code":"ECONNRESET"},"elapsedMs":1808519,"phase":"after_upstream_body"}
{"event":"frontend_proxy_upstream_error","method":"GET","route":"/api/integration/notifications/stream","targetRole":"api-owner","error":{"code":"ECONNRESET"},"elapsedMs":218158,"phase":"after_upstream_body"}
{"event":"frontend_proxy_upstream_error","method":"GET","route":"/api/integration/notifications/stream","targetRole":"api-owner","error":{"code":"ECONNRESET"},"elapsedMs":384583,"phase":"after_upstream_body"}
{"event":"frontend_proxy_upstream_error","method":"GET","route":"/api/integration/notifications/stream","targetRole":"api-owner","error":{"code":"ECONNRESET"},"elapsedMs":321850,"phase":"after_upstream_body"}
{"event":"frontend_proxy_upstream_error","method":"GET","route":"/api/integration/notifications/stream","targetRole":"api-owner","error":{"code":"ECONNRESET"},"elapsedMs":23941,"phase":"after_upstream_body"}
{"event":"frontend_proxy_upstream_error","method":"GET","route":"/api/integration/notifications/stream","targetRole":"api-owner","error":{"code":"ECONNRESET"},"elapsedMs":254270,"phase":"after_upstream_body"}
{"event":"frontend_proxy_upstream_error","method":"GET","route":"/api/integration/notifications/stream","targetRole":"api-owner","error":{"code":"ECONNRESET"},"elapsedMs":8861,"phase":"after_upstream_body"}
{"event":"frontend_proxy_upstream_error","method":"GET","route":"/api/integration/notifications/stream","targetRole":"api-owner","error":{"code":"ECONNRESET"},"elapsedMs":8561,"phase":"after_upstream_body"}
{"event":"frontend_proxy_upstream_error","method":"GET","route":"/api/integration/notifications/stream","targetRole":"api-owner","error":{"code":"ECONNRESET"},"elapsedMs":8859,"phase":"after_upstream_body"}
{"event":"frontend_proxy_upstream_error","method":"GET","route":"/api/integration/notifications/stream","targetRole":"api-owner","error":{"code":"ECONNRESET"},"elapsedMs":8832,"phase":"after_upstream_body"}
{"event":"frontend_proxy_upstream_error","method":"GET","route":"/api/integration/notifications/stream","targetRole":"api-owner","error":{"code":"ECONNRESET"},"elapsedMs":8853,"phase":"after_upstream_body"}
{"event":"frontend_proxy_upstream_error","method":"GET","route":"/api/integration/notifications/stream","targetRole":"api-owner","error":{"code":"ECONNRESET"},"elapsedMs":5953,"phase":"after_upstream_body"}
{"event":"frontend_proxy_upstream_error","method":"GET","route":"/api/integration/notifications/stream","targetRole":"api-owner","error":{"code":"ECONNRESET"},"elapsedMs":6178,"phase":"after_upstream_body"}
{"event":"frontend_proxy_upstream_error","method":"GET","route":"/api/integration/notifications/stream","targetRole":"api-owner","error":{"code":"ECONNRESET"},"elapsedMs":6212,"phase":"after_upstream_body"}
{"event":"frontend_proxy_upstream_error","method":"GET","route":"/api/integration/notifications/stream","targetRole":"api-owner","error":{"code":"ECONNRESET"},"elapsedMs":9196,"phase":"after_upstream_body"}
{"event":"frontend_proxy_upstream_error","method":"GET","route":"/api/integration/notifications/stream","targetRole":"api-owner","error":{"code":"ECONNRESET"},"elapsedMs":8028,"phase":"after_upstream_body"}
{"event":"frontend_proxy_upstream_error","method":"GET","route":"/api/integration/notifications/stream","targetRole":"api-owner","error":{"code":"ECONNRESET"},"elapsedMs":8331,"phase":"after_upstream_body"}
{"event":"frontend_proxy_upstream_error","method":"GET","route":"/api/integration/notifications/stream","targetRole":"api-owner","error":{"code":"ECONNRESET"},"elapsedMs":8336,"phase":"after_upstream_body"}
{"event":"frontend_proxy_upstream_error","method":"GET","route":"/api/integration/notifications/stream","targetRole":"api-owner","error":{"code":"ECONNRESET"},"elapsedMs":8349,"phase":"after_upstream_body"}
{"event":"frontend_proxy_upstream_error","method":"GET","route":"/api/integration/notifications/stream","targetRole":"api-owner","error":{"code":"ECONNRESET"},"elapsedMs":8081,"phase":"after_upstream_body"}
{"event":"frontend_proxy_upstream_error","method":"GET","route":"/api/integration/notifications/stream","targetRole":"api-owner","error":{"code":"ECONNRESET"},"elapsedMs":8825,"phase":"after_upstream_body"}
{"event":"frontend_proxy_upstream_error","method":"GET","route":"/api/integration/notifications/stream","targetRole":"api-owner","error":{"code":"ECONNRESET"},"elapsedMs":13775,"phase":"after_upstream_body"}
{"event":"frontend_proxy_upstream_error","method":"GET","route":"/api/integration/notifications/stream","targetRole":"api-owner","error":{"code":"ECONNRESET"},"elapsedMs":8516,"phase":"after_upstream_body"}
{"event":"frontend_proxy_upstream_error","method":"GET","route":"/api/integration/notifications/stream","targetRole":"api-owner","error":{"code":"ECONNRESET"},"elapsedMs":13702,"phase":"after_upstream_body"}
{"event":"frontend_proxy_upstream_error","method":"GET","route":"/api/integration/notifications/stream","targetRole":"api-owner","error":{"code":"ECONNRESET"},"elapsedMs":1496707,"phase":"after_upstream_body"}
{"event":"frontend_proxy_upstream_error","method":"GET","route":"/api/integration/notifications/stream","targetRole":"api-owner","error":{"code":"ECONNRESET"},"elapsedMs":1467755,"phase":"after_upstream_body"}
{"event":"frontend_proxy_upstream_error","method":"GET","route":"/api/integration/notifications/stream","targetRole":"api-owner","error":{"code":"ECONNRESET"},"elapsedMs":7382631,"phase":"after_upstream_body"}
{"event":"frontend_proxy_upstream_error","method":"GET","route":"/api/integration/notifications/stream","targetRole":"api-owner","error":{"code":"ECONNRESET"},"elapsedMs":14039,"phase":"after_upstream_body"}
{"event":"frontend_proxy_upstream_error","method":"GET","route":"/api/integration/notifications/stream","targetRole":"api-owner","error":{"code":"ECONNRESET"},"elapsedMs":7459,"phase":"after_upstream_body"}
{"event":"frontend_proxy_upstream_error","method":"GET","route":"/api/integration/notifications/stream","targetRole":"api-owner","error":{"code":"ECONNRESET"},"elapsedMs":784341,"phase":"after_upstream_body"}
{"event":"frontend_proxy_upstream_error","method":"GET","route":"/api/integration/notifications/stream","targetRole":"api-owner","error":{"code":"ECONNRESET"},"elapsedMs":4615,"phase":"after_upstream_body"}
{"event":"frontend_proxy_upstream_error","method":"GET","route":"/api/integration/notifications/stream","targetRole":"api-owner","error":{"code":"ECONNRESET"},"elapsedMs":96043,"phase":"after_upstream_body"}
{"event":"frontend_proxy_upstream_error","method":"GET","route":"/api/integration/notifications/stream","targetRole":"api-owner","error":{"code":"ECONNRESET"},"elapsedMs":27463,"phase":"after_upstream_body"}
{"event":"frontend_proxy_upstream_error","method":"GET","route":"/api/integration/notifications/stream","targetRole":"api-owner","error":{"code":"ECONNRESET"},"elapsedMs":47951,"phase":"after_upstream_body"}
{"event":"frontend_proxy_upstream_error","method":"GET","route":"/api/integration/notifications/stream","targetRole":"api-owner","error":{"code":"ECONNRESET"},"elapsedMs":12786,"phase":"after_upstream_body"}
{"event":"frontend_proxy_upstream_error","method":"GET","route":"/api/integration/notifications/stream","targetRole":"api-owner","error":{"code":"ECONNRESET"},"elapsedMs":702001,"phase":"after_upstream_body"}
{"event":"frontend_proxy_upstream_error","method":"GET","route":"/api/integration/notifications/stream","targetRole":"api-owner","error":{"code":"ECONNRESET"},"elapsedMs":680557,"phase":"after_upstream_body"}
{"event":"frontend_proxy_upstream_error","method":"GET","route":"/api/integration/notifications/stream","targetRole":"api-owner","error":{"code":"ECONNRESET"},"elapsedMs":1257194,"phase":"after_upstream_body"}
{"event":"frontend_proxy_upstream_error","method":"GET","route":"/api/integration/notifications/stream","targetRole":"api-owner","error":{"code":"ECONNRESET"},"elapsedMs":20228,"phase":"after_upstream_body"}
{"event":"frontend_proxy_upstream_error","method":"GET","route":"/api/integration/notifications/stream","targetRole":"api-owner","error":{"code":"ECONNRESET"},"elapsedMs":11107,"phase":"after_upstream_body"}
{"event":"frontend_proxy_upstream_error","method":"GET","route":"/api/integration/notifications/stream","targetRole":"api-owner","error":{"code":"ECONNRESET"},"elapsedMs":2406785,"phase":"after_upstream_body"}
{"event":"frontend_proxy_upstream_error","method":"GET","route":"/api/integration/notifications/stream","targetRole":"api-owner","error":{"code":"ECONNRESET"},"elapsedMs":94466,"phase":"after_upstream_body"}
{"event":"frontend_proxy_upstream_error","method":"GET","route":"/api/integration/notifications/stream","targetRole":"api-owner","error":{"code":"ECONNRESET"},"elapsedMs":18976,"phase":"after_upstream_body"}
{"event":"frontend_proxy_upstream_error","method":"GET","route":"/api/integration/notifications/stream","targetRole":"api-owner","error":{"code":"ECONNRESET"},"elapsedMs":291217,"phase":"after_upstream_body"}
{"event":"frontend_proxy_upstream_error","method":"GET","route":"/api/integration/notifications/stream","targetRole":"api-owner","error":{"code":"ECONNRESET"},"elapsedMs":7491,"phase":"after_upstream_body"}
{"event":"frontend_proxy_upstream_error","method":"GET","route":"/api/integration/notifications/stream","targetRole":"api-owner","error":{"code":"ECONNRESET"},"elapsedMs":9779,"phase":"after_upstream_body"}
{"event":"frontend_proxy_upstream_error","method":"GET","route":"/api/integration/notifications/stream","targetRole":"api-owner","error":{"code":"ECONNRESET"},"elapsedMs":5151948,"phase":"after_upstream_body"}
{"event":"frontend_proxy_upstream_error","method":"GET","route":"/api/integration/notifications/stream","targetRole":"api-owner","error":{"code":"ECONNRESET"},"elapsedMs":3458567,"phase":"after_upstream_body"}
{"event":"frontend_proxy_upstream_error","method":"GET","route":"/api/integration/notifications/stream","targetRole":"api-owner","error":{"code":"ECONNRESET"},"elapsedMs":16685,"phase":"after_upstream_body"}
{"event":"frontend_proxy_upstream_error","method":"GET","route":"/api/integration/notifications/stream","targetRole":"api-owner","error":{"code":"ECONNRESET"},"elapsedMs":10647,"phase":"after_upstream_body"}
{"event":"frontend_proxy_upstream_error","method":"GET","route":"/api/integration/notifications/stream","targetRole":"api-owner","error":{"code":"ECONNRESET"},"elapsedMs":12158,"phase":"after_upstream_body"}
{"event":"frontend_proxy_upstream_error","method":"GET","route":"/api/integration/notifications/stream","targetRole":"api-owner","error":{"code":"ECONNRESET"},"elapsedMs":16448,"phase":"after_upstream_body"}
{"event":"frontend_proxy_upstream_error","method":"GET","route":"/api/integration/notifications/stream","targetRole":"api-owner","error":{"code":"ECONNRESET"},"elapsedMs":17087,"phase":"after_upstream_body"}
{"event":"frontend_proxy_upstream_error","method":"GET","route":"/api/integration/notifications/stream","targetRole":"api-owner","error":{"code":"ECONNRESET"},"elapsedMs":22575,"phase":"after_upstream_body"}
{"event":"frontend_proxy_upstream_error","method":"GET","route":"/api/integration/notifications/stream","targetRole":"api-owner","error":{"code":"ECONNRESET"},"elapsedMs":42534,"phase":"after_upstream_body"}
{"event":"frontend_proxy_upstream_error","method":"GET","route":"/api/integration/notifications/stream","targetRole":"api-owner","error":{"code":"ECONNRESET"},"elapsedMs":28288,"phase":"after_upstream_body"}
{"event":"frontend_proxy_upstream_error","method":"GET","route":"/api/integration/notifications/stream","targetRole":"api-owner","error":{"code":"ECONNRESET"},"elapsedMs":182063,"phase":"after_upstream_body"}
{"event":"frontend_proxy_upstream_error","method":"GET","route":"/api/integration/notifications/stream","targetRole":"api-owner","error":{"code":"ECONNRESET"},"elapsedMs":2733,"phase":"after_upstream_body"}
{"event":"frontend_proxy_upstream_error","method":"GET","route":"/api/integration/notifications/stream","targetRole":"api-owner","error":{"code":"ECONNRESET"},"elapsedMs":131603,"phase":"after_upstream_body"}
{"event":"frontend_proxy_upstream_error","method":"GET","route":"/api/integration/notifications/stream","targetRole":"api-owner","error":{"code":"ECONNRESET"},"elapsedMs":17663,"phase":"after_upstream_body"}
{"event":"frontend_proxy_upstream_error","method":"GET","route":"/api/integration/notifications/stream","targetRole":"api-owner","error":{"code":"ECONNRESET"},"elapsedMs":7939,"phase":"after_upstream_body"}
{"event":"frontend_proxy_upstream_error","method":"GET","route":"/api/integration/notifications/stream","targetRole":"api-owner","error":{"code":"ECONNRESET"},"elapsedMs":351625,"phase":"after_upstream_body"}
{"event":"frontend_proxy_upstream_error","method":"GET","route":"/api/integration/notifications/stream","targetRole":"api-owner","error":{"code":"ECONNRESET"},"elapsedMs":13403,"phase":"after_upstream_body"}
{"event":"frontend_proxy_upstream_error","method":"GET","route":"/api/integration/notifications/stream","targetRole":"api-owner","error":{"code":"ECONNRESET"},"elapsedMs":8208,"phase":"after_upstream_body"}
{"event":"frontend_proxy_upstream_error","method":"GET","route":"/api/integration/notifications/stream","targetRole":"api-owner","error":{"code":"ECONNRESET"},"elapsedMs":313742,"phase":"after_upstream_body"}
{"event":"frontend_proxy_upstream_error","method":"GET","route":"/api/integration/notifications/stream","targetRole":"api-owner","error":{"code":"ECONNRESET"},"elapsedMs":12141,"phase":"after_upstream_body"}
{"event":"frontend_proxy_upstream_error","method":"GET","route":"/api/integration/notifications/stream","targetRole":"api-owner","error":{"code":"ECONNRESET"},"elapsedMs":9758,"phase":"after_upstream_body"}
{"event":"frontend_proxy_upstream_error","method":"GET","route":"/api/integration/notifications/stream","targetRole":"api-owner","error":{"code":"ECONNRESET"},"elapsedMs":15922,"phase":"after_upstream_body"}
{"event":"frontend_proxy_upstream_error","method":"GET","route":"/api/integration/notifications/stream","targetRole":"api-owner","error":{"code":"ECONNRESET"},"elapsedMs":15628,"phase":"after_upstream_body"}
{"event":"frontend_proxy_upstream_error","method":"GET","route":"/api/integration/notifications/stream","targetRole":"api-owner","error":{"code":"ECONNRESET"},"elapsedMs":9536,"phase":"after_upstream_body"}
{"event":"frontend_proxy_upstream_error","method":"GET","route":"/api/integration/notifications/stream","targetRole":"api-owner","error":{"code":"ECONNRESET"},"elapsedMs":16479,"phase":"after_upstream_body"}
{"event":"frontend_proxy_upstream_error","method":"GET","route":"/api/integration/notifications/stream","targetRole":"api-owner","error":{"code":"ECONNRESET"},"elapsedMs":17528,"phase":"after_upstream_body"}
{"event":"frontend_proxy_upstream_error","method":"GET","route":"/api/integration/notifications/stream","targetRole":"api-owner","error":{"code":"ECONNRESET"},"elapsedMs":17564,"phase":"after_upstream_body"}
{"event":"frontend_proxy_upstream_error","method":"GET","route":"/api/integration/notifications/stream","targetRole":"api-owner","error":{"code":"ECONNRESET"},"elapsedMs":47733,"phase":"after_upstream_body"}
{"event":"frontend_proxy_upstream_error","method":"GET","route":"/api/integration/notifications/stream","targetRole":"api-owner","error":{"code":"ECONNRESET"},"elapsedMs":22844,"phase":"after_upstream_body"}
{"event":"frontend_proxy_upstream_error","method":"GET","route":"/api/integration/notifications/stream","targetRole":"api-owner","error":{"code":"ECONNRESET"},"elapsedMs":22839,"phase":"after_upstream_body"}
{"event":"frontend_proxy_upstream_error","method":"GET","route":"/api/integration/notifications/stream","targetRole":"api-owner","error":{"code":"ECONNRESET"},"elapsedMs":10233,"phase":"after_upstream_body"}
{"event":"frontend_proxy_upstream_error","method":"GET","route":"/api/integration/notifications/stream","targetRole":"api-owner","error":{"code":"ECONNRESET"},"elapsedMs":10674,"phase":"after_upstream_body"}
{"event":"frontend_proxy_upstream_error","method":"GET","route":"/api/integration/notifications/stream","targetRole":"api-owner","error":{"code":"ECONNRESET"},"elapsedMs":13311,"phase":"after_upstream_body"}
{"event":"frontend_proxy_upstream_error","method":"GET","route":"/api/integration/notifications/stream","targetRole":"api-owner","error":{"code":"ECONNRESET"},"elapsedMs":5980,"phase":"after_upstream_body"}
{"event":"frontend_proxy_upstream_error","method":"GET","route":"/api/integration/notifications/stream","targetRole":"api-owner","error":{"code":"ECONNRESET"},"elapsedMs":304837,"phase":"after_upstream_body"}
{"event":"frontend_proxy_upstream_error","method":"GET","route":"/api/integration/notifications/stream","targetRole":"api-owner","error":{"code":"ECONNRESET"},"elapsedMs":18918,"phase":"after_upstream_body"}
{"event":"frontend_proxy_upstream_error","method":"GET","route":"/api/integration/notifications/stream","targetRole":"api-owner","error":{"code":"ECONNRESET"},"elapsedMs":171483,"phase":"after_upstream_body"}
{"event":"frontend_proxy_upstream_error","method":"GET","route":"/api/integration/notifications/stream","targetRole":"api-owner","error":{"code":"ECONNRESET"},"elapsedMs":76547,"phase":"after_upstream_body"}
{"event":"frontend_proxy_upstream_error","method":"GET","route":"/api/integration/notifications/stream","targetRole":"api-owner","error":{"code":"ECONNRESET"},"elapsedMs":14929,"phase":"after_upstream_body"}
{"event":"frontend_proxy_upstream_error","method":"GET","route":"/api/integration/notifications/stream","targetRole":"api-owner","error":{"code":"ECONNRESET"},"elapsedMs":44692,"phase":"after_upstream_body"}
{"event":"frontend_proxy_upstream_error","method":"GET","route":"/api/integration/notifications/stream","targetRole":"api-owner","error":{"code":"ECONNRESET"},"elapsedMs":44695,"phase":"after_upstream_body"}
{"event":"frontend_proxy_upstream_error","method":"GET","route":"/api/integration/notifications/stream","targetRole":"api-owner","error":{"code":"ECONNRESET"},"elapsedMs":13243183,"phase":"after_upstream_body"}
{"event":"frontend_proxy_upstream_error","method":"GET","route":"/api/integration/notifications/stream","targetRole":"api-owner","error":{"code":"ECONNRESET"},"elapsedMs":395537,"phase":"after_upstream_body"}
{"event":"frontend_proxy_upstream_error","method":"GET","route":"/api/integration/notifications/stream","targetRole":"api-owner","error":{"code":"ECONNRESET"},"elapsedMs":211949,"phase":"after_upstream_body"}
{"event":"frontend_proxy_upstream_error","method":"GET","route":"/api/integration/notifications/stream","targetRole":"api-owner","error":{"code":"ECONNRESET"},"elapsedMs":37568,"phase":"after_upstream_body"}
{"event":"frontend_proxy_upstream_error","method":"GET","route":"/api/integration/notifications/stream","targetRole":"api-owner","error":{"code":"ECONNRESET"},"elapsedMs":37545,"phase":"after_upstream_body"}
{"event":"frontend_proxy_upstream_error","method":"GET","route":"/api/integration/notifications/stream","targetRole":"api-owner","error":{"code":"ECONNRESET"},"elapsedMs":37539,"phase":"after_upstream_body"}
{"event":"frontend_proxy_upstream_error","method":"GET","route":"/api/integration/notifications/stream","targetRole":"api-owner","error":{"code":"ECONNRESET"},"elapsedMs":37588,"phase":"after_upstream_body"}
{"event":"frontend_proxy_upstream_error","method":"GET","route":"/api/integration/notifications/stream","targetRole":"api-owner","error":{"code":"ECONNRESET"},"elapsedMs":8474,"phase":"after_upstream_body"}
{"event":"frontend_proxy_upstream_error","method":"GET","route":"/api/integration/notifications/stream","targetRole":"api-owner","error":{"code":"ECONNRESET"},"elapsedMs":55264,"phase":"after_upstream_body"}
{"event":"frontend_proxy_upstream_error","method":"GET","route":"/api/integration/notifications/stream","targetRole":"api-owner","error":{"code":"ECONNRESET"},"elapsedMs":55270,"phase":"after_upstream_body"}
{"event":"frontend_proxy_upstream_error","method":"GET","route":"/api/integration/notifications/stream","targetRole":"api-owner","error":{"code":"ECONNRESET"},"elapsedMs":36662,"phase":"after_upstream_body"}
{"event":"frontend_proxy_upstream_error","method":"GET","route":"/api/integration/notifications/stream","targetRole":"api-owner","error":{"code":"ECONNRESET"},"elapsedMs":36689,"phase":"after_upstream_body"}
{"event":"frontend_proxy_upstream_error","method":"GET","route":"/api/integration/notifications/stream","targetRole":"api-owner","error":{"code":"ECONNRESET"},"elapsedMs":36599,"phase":"after_upstream_body"}
{"event":"frontend_proxy_upstream_error","method":"GET","route":"/api/integration/notifications/stream","targetRole":"api-owner","error":{"code":"ECONNRESET"},"elapsedMs":105728,"phase":"after_upstream_body"}
{"event":"frontend_proxy_upstream_error","method":"GET","route":"/api/integration/notifications/stream","targetRole":"api-owner","error":{"code":"ECONNRESET"},"elapsedMs":11479,"phase":"after_upstream_body"}
{"event":"frontend_proxy_upstream_error","method":"GET","route":"/api/integration/notifications/stream","targetRole":"api-owner","error":{"code":"ECONNRESET"},"elapsedMs":49442,"phase":"after_upstream_body"}
{"event":"frontend_proxy_upstream_error","method":"GET","route":"/api/integration/notifications/stream","targetRole":"api-owner","error":{"code":"ECONNRESET"},"elapsedMs":203888,"phase":"after_upstream_body"}
{"event":"frontend_proxy_upstream_error","method":"GET","route":"/api/integration/notifications/stream","targetRole":"api-owner","error":{"code":"ECONNRESET"},"elapsedMs":5978,"phase":"after_upstream_body"}
{"event":"frontend_proxy_upstream_error","method":"GET","route":"/api/integration/notifications/stream","targetRole":"api-owner","error":{"code":"ECONNRESET"},"elapsedMs":1387631,"phase":"after_upstream_body"}
{"event":"frontend_proxy_upstream_error","method":"GET","route":"/api/integration/notifications/stream","targetRole":"api-owner","error":{"code":"ECONNRESET"},"elapsedMs":48127,"phase":"after_upstream_body"}
